<div>
    <form action="/" method="post">
    

    <input type="hidden" name="_token" value="" autocomplete="off"></form>
</div>