<div>
    <div>
        <a route="some_route">This will link to a route</a>
    </div>
</div>