<form action="/" method="post">
  <input type="text" name="login" />
  <input type="password" name="password" />
</form>