<div>
    <div>
        This will always be visible
    </div>
    <div class="wrapper">
        <div>            <div>This will always be visible</div>
        </div>
    </div>

</div>
