<div><div>
  <a href="http://localhost/some_route">This will link to a route</a>
</div></div>