<div><div>
    <form action="/" method="post">
    <?php echo csrf_field(); ?></form>
</div></div>