<div><div>
    <div>
        This will always be visible
    </div>
    <div class="wrapper">
        <?php if($condition): ?>

    <div>
            This will always be visible
        </div>

    <?php endif; ?>
    </div>

</div>
</div>