<div>
    <div>
        This will always be visible
    </div>
    <div class="wrapper">
        <div concat="$concat">
            This will always be visible
        . It&#039;s working!</div>

        <div concat=". That's it!">
            This will always be visible
        . That's it!</div>
    </div>

</div>