<div>This will always be visible</div>
<div class="wrapper">
  <div>This will always be visible</div>
  <div>This will always be visible</div>
  <div>This will always be visible</div>
  <div>This will always be visible</div>
</div>