<div>
    <div>
        <a route="route_with_parameters" :route-parameters="[1, 2]">This will link to a route</a>
    </div>
</div>