<div><div>
    <div>
        This will always be visible
    </div>
    <div class="wrapper">
        <?php if(auth()->guard()->check()): ?>

    <div auth>
            This will always be visible
        </div>

    <?php endif; ?>

        <?php if(auth()->guard('web')->check()): ?>

    <div auth="web">
            This will always be visible
        </div>

    <?php endif; ?>

        <?php if(auth()->guard('web')->check()): ?>

    <div>
            This will always be visible
        </div>

    <?php endif; ?>
    </div>

</div>
</div>