<div><div>
    <form action="/" method="post">
        <input type="text" name="login" />
        <input type="password" name="password" />
    <input type="hidden" name="_method" value="DELETE" /></form>
</div>
</div>
