<div><div>
    <div>
        <a :route-parameters="[1, 2]" href="http://localhost/route/1/2"></a>
    </div>
</div></div>