<div>
    <div>
        This will always be visible
    </div>
    <div class="wrapper">
        <div :guest="$guard">
            This will always be visible
        </div>
    </div>

</div>