<div>
    <div>Processed
Processed</div>
    <div cutom-helper></div>
    <div cutom-helper />
</div>
