<div>
    <div>This is a custom email tag helper 0.This is a custom email tag helper.</div>
</div>