<div><div>
    <div>
<?php echo e(sha1('test')); ?></div>
</div></div>