<div><div>
    <div>

    Processed</div>
</div></div>