<div>
    <div>
        Level 1

    Processed</div>
</div>
