<div>
    <a download href="http://localhost/asset.txt">Download</a>
    <script src="http://localhost/asset.js"></script>
    <link rel="stylesheet" href="http://localhost/asset.css">
</div>