<div><div>
    <a asset="/asset.txt" download href="<?php echo e(asset('/asset.txt')); ?>">Download</a>
    <script src="<?php echo e(asset('asset.js')); ?>"></script>
    <link asset="asset.css" rel="stylesheet" href="<?php echo e(asset('asset.css')); ?>" />
    <video controls src="<?php echo e(asset($video)); ?>"></video>
</div>
</div>