<div>Processed</div>
<span>Processed</span>
<form>
  <button>Processed</button>Processed</form>