<div><div>
    <div>Processed</div>
    <span>Processed</span>
    <form>
        
    Processed</form>
</div></div>