<div><div>Level 1
  <div>Level 2
    <div>Level 3 Processed</div>Processed</div>Processed</div></div>