<div><div>
    <div><?php echo e($data); ?></div>
</div></div>